// Jest Snapshot v1, https://goo.gl/fbAQLP

exports[`App renders without crashing 1`] = `ReactWrapper {}`;

exports[`MessageApp renders without crashing 1`] = `ReactWrapper {}`;
