// Jest Snapshot v1, https://goo.gl/fbAQLP

exports[`ErrorHandler renders without crashing 1`] = `ReactWrapper {}`;
