// Jest Snapshot v1, https://goo.gl/fbAQLP

exports[`MessageList renders without crashing 1`] = `ReactWrapper {}`;
