// Jest Snapshot v1, https://goo.gl/fbAQLP

exports[`Message renders without crashing 1`] = `ReactWrapper {}`;
