// Jest Snapshot v1, https://goo.gl/fbAQLP

exports[`MessageForm renders without crashing 1`] = `ReactWrapper {}`;
