// Jest Snapshot v1, https://goo.gl/fbAQLP

exports[`Title renders without crashing 1`] = `ReactWrapper {}`;
